Mon Sep  9 09:22:01 2013:../src/jnxlog.c: Hello from log with lots of formatted args 3
